TAP version 13
# Subtest: Node CLI parses
ok 1 - Node CLI parses
  ---
  duration_ms: 66.1183
  ...
# Subtest: Node CLI child-process gates fail closed on process start failures
ok 2 - Node CLI child-process gates fail closed on process start failures
  ---
  duration_ms: 1.2723
  ...
# Subtest: Node CLI preserves required option and choice validation
ok 3 - Node CLI preserves required option and choice validation
  ---
  duration_ms: 469.7001
  ...
# Subtest: evaluation commands preserve Python variadic scores and evidence gates
ok 4 - evaluation commands preserve Python variadic scores and evidence gates
  ---
  duration_ms: 1294.3275
  ...
# Subtest: merge assessment preserves variadic modules and recheck integrity
ok 5 - merge assessment preserves variadic modules and recheck integrity
  ---
  duration_ms: 1119.1092
  ...
# Subtest: validate rejects corrupted evaluation and merge gate records
ok 6 - validate rejects corrupted evaluation and merge gate records
  ---
  duration_ms: 1169.6644
  ...
# Subtest: collaboration mutations reject invalid membership and identity transitions
ok 7 - collaboration mutations reject invalid membership and identity transitions
  ---
  duration_ms: 1278.5987
  ...
# Subtest: kit source stop hook uses Node validation
ok 8 - kit source stop hook uses Node validation
  ---
  duration_ms: 105.1161
  ...
# Subtest: hook trust status is read only
ok 9 - hook trust status is read only
  ---
  duration_ms: 96.598
  ...
# Subtest: fixture contains canonical project data
ok 10 - fixture contains canonical project data
  ---
  duration_ms: 1.1812
  ...
# Subtest: all public scripts use Node shebang
ok 11 - all public scripts use Node shebang
  ---
  duration_ms: 1.7025
  ...
# Subtest: Node CLI regenerates the reference project home and document portals
ok 12 - Node CLI regenerates the reference project home and document portals
  ---
  duration_ms: 1538.6399
  ...
# Subtest: migrate-module-specs performs the legacy-to-sharded migration once
ok 13 - migrate-module-specs performs the legacy-to-sharded migration once
  ---
  duration_ms: 755.7494
  ...
# Subtest: Node CLI enforces work coverage and development gates
ok 14 - Node CLI enforces work coverage and development gates
  ---
  duration_ms: 1007.2822
  ...
# Subtest: add-module creates module, UI, and system-surface fragments with canonical ownership
ok 15 - add-module creates module, UI, and system-surface fragments with canonical ownership
  ---
  duration_ms: 772.9811
  ...
# Subtest: add-module fails atomically when a later fragment cannot be written
ok 16 - add-module fails atomically when a later fragment cannot be written
  ---
  duration_ms: 629.9852
  ...
# Subtest: add-module respects an active repository write lock
ok 17 - add-module respects an active repository write lock
  ---
  duration_ms: 689.45
  ...
# Subtest: add-module reclaims a stale repository lock through an exclusive cleanup lock
ok 18 - add-module reclaims a stale repository lock through an exclusive cleanup lock
  ---
  duration_ms: 622.8929
  ...
# Subtest: add-module fails closed when stale-lock cleanup is already claimed
ok 19 - add-module fails closed when stale-lock cleanup is already claimed
  ---
  duration_ms: 678.2103
  ...
# Subtest: documentation-check requires the explicit staged mode
ok 20 - documentation-check requires the explicit staged mode
  ---
  duration_ms: 628.1399
  ...
# Subtest: module fragment initialization uses the canonical module owner field
ok 21 - module fragment initialization uses the canonical module owner field
  ---
  duration_ms: 741.4783
  ...
# Subtest: identity and integration commands use mapped and reachable Git identities
ok 22 - identity and integration commands use mapped and reachable Git identities
  ---
  duration_ms: 1683.3043
  ...
# Subtest: record-work resolves the canonical actor and writes the documented path
ok 23 - record-work resolves the canonical actor and writes the documented path
  ---
  duration_ms: 1365.534
  ...
# Subtest: branch and assignment policies distinguish solo and team work
ok 24 - branch and assignment policies distinguish solo and team work
  ---
  duration_ms: 1562.5041
  ...
# Subtest: documentation and release checks enforce their documented blockers
ok 25 - documentation and release checks enforce their documented blockers
  ---
  duration_ms: 1116.3095
  ...
# Subtest: kit status is readable
ok 26 - kit status is readable
  ---
  duration_ms: 78.2081
  ...
# Subtest: Kit CLI rejects unknown, positional, missing, conflicting, and invalid options
ok 27 - Kit CLI rejects unknown, positional, missing, conflicting, and invalid options
  ---
  duration_ms: 446.0277
  ...
# Subtest: Kit CLI accepts equals-form options
ok 28 - Kit CLI accepts equals-form options
  ---
  duration_ms: 1772.7938
  ...
# Subtest: source and export boundary validate
ok 29 - source and export boundary validate
  ---
  duration_ms: 1887.7194
  ...
# Subtest: template export contains no management tree and carries the approval gate
ok 30 - template export contains no management tree and carries the approval gate
  ---
  duration_ms: 1962.2152
  ...
# Subtest: new project bootstraps with Node only
ok 31 - new project bootstraps with Node only
  ---
  duration_ms: 2168.2575
  ...
# Subtest: new-project reports child-process startup failures before export validation
ok 32 - new-project reports child-process startup failures before export validation
  ---
  duration_ms: 0.5141
  ...
# Subtest: export provenance treats an unavailable Git status as dirty
ok 33 - export provenance treats an unavailable Git status as dirty
  ---
  duration_ms: 0.3465
  ...
# Subtest: export staging is removed on success and failure
ok 34 - export staging is removed on success and failure
  ---
  duration_ms: 0.6404
  ...
# Subtest: no executable Python sources remain
ok 35 - no executable Python sources remain
  ---
  duration_ms: 25.1537
  ...
# Subtest: current guides and reference runtime records require Node only
ok 36 - current guides and reference runtime records require Node only
  ---
  duration_ms: 38.6529
  ...
# Subtest: reference fixture derived runtime guides match Node SSOT and preserve historical evidence
ok 37 - reference fixture derived runtime guides match Node SSOT and preserve historical evidence
  ---
  duration_ms: 1.2367
  ...
# Subtest: exported Windows conversation hook writes UTF-8 history
ok 38 - exported Windows conversation hook writes UTF-8 history
  ---
  duration_ms: 3099.5655
  ...
# Subtest: exported Windows SessionStart approval notice works before Git initialization
ok 39 - exported Windows SessionStart approval notice works before Git initialization
  ---
  duration_ms: 2984.0372
  ...
1..39
# tests 39
# suites 0
# pass 39
# fail 0
# cancelled 0
# skipped 0
# todo 0
# duration_ms 19504.4466
